
==========================================================================================
PERFORMANCE ATTRIBUTION REPORT
==========================================================================================
Generated: 2026-02-12 22:29:00
Total Trades Analyzed: 14

📊 STRATEGY ATTRIBUTION
------------------------------------------------------------------------------------------

  Strategy: APEX_V71
    Total PnL:              $      552.00 (+86.2%)
    Trades:                            8
    Win Rate:                       87.5%
    Avg PnL/Trade:          $       69.00
    Max Win:                $       98.00
    Max Loss:               $      -32.00
    Sharpe Ratio:                  12.15
    Capital Efficiency:           26.42%

  Strategy: Momentum_RSI
    Total PnL:              $      143.50 (+22.4%)
    Trades:                            3
    Win Rate:                       66.7%
    Avg PnL/Trade:          $       47.83
    Max Win:                $       98.00
    Max Loss:               $      -51.50
    Sharpe Ratio:                   0.80
    Capital Efficiency:            5.06%

  Strategy: Mean_Reversion
    Total PnL:              $      -55.00 (-8.6%)
    Trades:                            3
    Win Rate:                       33.3%
    Avg PnL/Trade:          $      -18.33
    Max Win:                $       48.00
    Max Loss:               $      -51.50
    Sharpe Ratio:                 -16.21
    Capital Efficiency:           -2.58%

🌐 MARKET REGIME ATTRIBUTION
------------------------------------------------------------------------------------------

  Regime: bull_trending
    Total PnL:              $      747.00 (+116.6%)
    Trades:                           10
    Win Rate:                       90.0%
    Avg PnL/Trade:          $       74.70

  Regime: ranging
    Total PnL:              $       48.00 (+7.5%)
    Trades:                            1
    Win Rate:                      100.0%
    Avg PnL/Trade:          $       48.00

  Regime: volatile
    Total PnL:              $     -154.50 (-24.1%)
    Trades:                            3
    Win Rate:                        0.0%
    Avg PnL/Trade:          $      -51.50

📈 SUMMARY
------------------------------------------------------------------------------------------
  Total PnL:                $      640.50
  Total Trades:                       14
  Strategies Tracked:                  3
  Regimes Encountered:                 3

==========================================================================================


==========================================================================================
COMPREHENSIVE CAPITAL SCALING & PERFORMANCE REPORT
==========================================================================================
Generated: 2026-02-12 22:29:00

📊 OVERALL PERFORMANCE
------------------------------------------------------------------------------------------
  Initial Capital:      $   10,000.00
  Current Capital:      $   10,064.00
  Total Return:         $       64.00 (+0.64%)
  Total Trades:                    3
  Win Rate:                     66.7%


==========================================================================================
CAPITAL SCALING & COMPOUNDING ENGINE - COMPREHENSIVE REPORT
==========================================================================================
Generated: 2026-02-12 22:29:00

📊 OVERALL STATUS
------------------------------------------------------------------------------------------
  Base Capital:         $   10,000.00
  Current Capital:      $   10,064.00
  Total Profit:         $       64.00
  ROI:                          3.24%
  Trading Status:       ALLOWED ✅


==========================================================================================
PROFIT COMPOUNDING & CAPITAL GROWTH REPORT
==========================================================================================
Strategy: MODERATE
Days Active: 1

💰 CAPITAL BREAKDOWN
------------------------------------------------------------------------------------------
  Base Capital:         $   10,000.00
  Reinvested Profits:   $      291.00
  Preserved Profits:    $       97.00
  ────────────────────────────────────
  Total Capital:        $   10,324.00
  Total Profit:         $      324.00
  ROI:                          3.24%
  Compound Multiplier:          1.03x

📊 TRADING PERFORMANCE
------------------------------------------------------------------------------------------
  Total Trades:                    8
  Winning Trades:                  6
  Win Rate:                    75.00%
  Gross Profit:         $      340.00
  Total Fees:           $       16.00
  Net Profit:           $      324.00

📈 COMPOUND GROWTH METRICS
------------------------------------------------------------------------------------------
  CAGR:                  11337431.15%
  Daily Growth Rate:          3.2400%
  Capital Velocity:     $      324.00/day

⚙️  COMPOUNDING STRATEGY
------------------------------------------------------------------------------------------
  Reinvest %:                     75%
  Preserve %:                     25%
  Min Profit Threshold: $       10.00
  Max Position Multiplier:          2.0x

==========================================================================================


==========================================================================================
DRAWDOWN PROTECTION REPORT
==========================================================================================
Protection Level: NORMAL

💰 CAPITAL STATUS
------------------------------------------------------------------------------------------
  Peak Capital:         $   10,098.00
  Current Capital:      $   10,064.00
  Drawdown Amount:      $       34.00
  Drawdown %:                   0.34%

📊 TRADING STREAKS
------------------------------------------------------------------------------------------
  Losing Streak:                   0
  Winning Streak:                  1
  Trades Since Peak:               8

⚙️  PROTECTION THRESHOLDS
------------------------------------------------------------------------------------------
  Caution:                       5.0% → 75% position size
  Warning:                      10.0% → 50% position size
  Danger:                       15.0% → 25% position size
  Halt:                         20.0% → Trading stopped

🎯 CURRENT ADJUSTMENT
------------------------------------------------------------------------------------------
  Can Trade:            YES ✅
  Position Multiplier:           100%
  Reason:               Trading allowed

==========================================================================================


==========================================================================================
CAPITAL MILESTONE PROGRESS REPORT
==========================================================================================
Starting Capital: $10,000.00
Current Capital: $10,064.00
Total Gain: $64.00 (0.64%)
Locked Profit: $0.00

🎯 NEXT MILESTONE
------------------------------------------------------------------------------------------
  Baller Status
  Target: $25,000.00
  Progress: 0.4%
  Remaining: $14,936.00

  [░░░░░░░░░░░░░░░░░░░░░░░░░░░░░░░░░░░░░░░░░░░░░░░░░░] 0.4%

📊 ALL MILESTONES
------------------------------------------------------------------------------------------
  Achieved: 0/3

  ⏳ Baller Status             $    25,000
  ⏳ $50K Club                 $    50,000
  ⏳ Six Figures               $   100,000

⚙️  POSITION SIZE ADJUSTMENT
------------------------------------------------------------------------------------------
  Milestones Achieved: 0
  Position Multiplier: 1.00x
  Effect: Position sizes are 0% larger than base

==========================================================================================

💡 POSITION SIZING EXAMPLE
------------------------------------------------------------------------------------------
  Available Balance:    $   10,064.00
  Base Position %:               5.0%
  Base Size:            $      503.20
  Optimal Size:         $      519.50
  Adjustment Factor:            1.03x

==========================================================================================

📈 PERFORMANCE METRICS
------------------------------------------------------------------------------------------
  Sharpe Ratio:                -4.47
  Sortino Ratio:              -21.46
  Max Drawdown:                 0.81%
  Current Drawdown:             0.34%
  Profit Factor:                6.06
  Annualized Return:           39.47%


==========================================================================================
PERFORMANCE ATTRIBUTION REPORT
==========================================================================================
Generated: 2026-02-12 22:29:00
Total Trades Analyzed: 18

📊 STRATEGY ATTRIBUTION
------------------------------------------------------------------------------------------

  Strategy: APEX_V71
    Total PnL:              $      714.00 (+89.0%)
    Trades:                           12
    Win Rate:                       83.3%
    Avg PnL/Trade:          $       59.50
    Max Win:                $       98.00
    Max Loss:               $      -32.00
    Sharpe Ratio:                  12.84
    Capital Efficiency:           46.43%

  Strategy: Momentum_RSI
    Total PnL:              $      143.50 (+17.9%)
    Trades:                            3
    Win Rate:                       66.7%
    Avg PnL/Trade:          $       47.83
    Max Win:                $       98.00
    Max Loss:               $      -51.50
    Sharpe Ratio:                   0.80
    Capital Efficiency:            5.06%

  Strategy: Mean_Reversion
    Total PnL:              $      -55.00 (-6.9%)
    Trades:                            3
    Win Rate:                       33.3%
    Avg PnL/Trade:          $      -18.33
    Max Win:                $       48.00
    Max Loss:               $      -51.50
    Sharpe Ratio:                 -16.21
    Capital Efficiency:           -2.58%

🌐 MARKET REGIME ATTRIBUTION
------------------------------------------------------------------------------------------

  Regime: bull_trending
    Total PnL:              $      909.00 (+113.3%)
    Trades:                           14
    Win Rate:                       85.7%
    Avg PnL/Trade:          $       64.93

  Regime: ranging
    Total PnL:              $       48.00 (+6.0%)
    Trades:                            1
    Win Rate:                      100.0%
    Avg PnL/Trade:          $       48.00

  Regime: volatile
    Total PnL:              $     -154.50 (-19.3%)
    Trades:                            3
    Win Rate:                        0.0%
    Avg PnL/Trade:          $      -51.50

📈 SUMMARY
------------------------------------------------------------------------------------------
  Total PnL:                $      802.50
  Total Trades:                       18
  Strategies Tracked:                  3
  Regimes Encountered:                 3

==========================================================================================

==========================================================================================

